25-02-2026 09:07:10 El empleado admin automatico se da de alta
25-02-2026 09:07:18 Se valida el DNI// DNI VALIDO
25-02-2026 09:07:22 El cliente se da de alta
25-02-2026 09:07:35 El cliente no inicia bien sesion y se le devuelve al menu
25-02-2026 09:08:13 El empleado admin automatico se da de alta
25-02-2026 09:08:21 Se valida el DNI// DNI VALIDO
25-02-2026 09:08:26 El cliente se da de alta
25-02-2026 09:08:30 Alguien no autorizado intenta acceder al menu empleado
25-02-2026 09:08:32 El cliente accede a la app
25-02-2026 09:08:39 El empleado valida el dni
25-02-2026 09:08:40 El empleado accede al menu empleado
25-02-2026 09:08:48 El cliente accede a la app
25-02-2026 09:11:57 El empleado admin automatico se da de alta
25-02-2026 09:12:09 Se valida el DNI// DNI VALIDO
25-02-2026 09:12:13 El cliente se da de alta
25-02-2026 09:13:41 El empleado admin automatico se da de alta
25-02-2026 09:13:47 Se valida el DNI// DNI VALIDO
25-02-2026 09:13:51 El cliente se da de alta
25-02-2026 09:14:00 Alguien no autorizado intenta acceder al menu empleado
25-02-2026 09:14:03 El cliente accede a la app
25-02-2026 09:14:36 El empleado admin automatico se da de alta
25-02-2026 09:14:39 Alguien no autorizado intenta acceder al menu empleado
25-02-2026 09:14:42 El cliente accede a la app
25-02-2026 09:14:50 Se valida el DNI// DNI VALIDO
25-02-2026 09:14:54 El cliente se da de alta
25-02-2026 09:16:12 El empleado admin automatico se da de alta
25-02-2026 09:16:13 Alguien no autorizado intenta acceder al menu empleado
25-02-2026 09:16:17 El cliente accede a la app
25-02-2026 09:19:06 El empleado admin automatico se da de alta
25-02-2026 09:19:07 Alguien no autorizado intenta acceder al menu empleado
25-02-2026 09:19:10 El cliente accede a la app
25-02-2026 09:19:37 El empleado admin automatico se da de alta
25-02-2026 09:19:38 Alguien no autorizado intenta acceder al menu empleado
25-02-2026 09:19:40 El cliente accede a la app
25-02-2026 09:19:57 El empleado admin automatico se da de alta
25-02-2026 09:19:58 Alguien no autorizado intenta acceder al menu empleado
25-02-2026 09:20:00 El cliente accede a la app
25-02-2026 09:21:28 El empleado admin automatico se da de alta
25-02-2026 09:21:34 Se valida el DNI// DNI VALIDO
25-02-2026 09:21:40 El cliente se da de alta
25-02-2026 09:21:49 Alguien no autorizado intenta acceder al menu empleado
25-02-2026 09:21:52 El cliente accede a la app
25-02-2026 09:22:02 El empleado valida el dni
25-02-2026 09:22:04 El empleado accede al menu empleado
25-02-2026 09:23:29 El cliente accede a la app
25-02-2026 09:30:51 El empleado admin automatico se da de alta
25-02-2026 09:30:57 Se valida el DNI// DNI VALIDO
25-02-2026 09:31:01 El cliente se da de alta
25-02-2026 09:31:03 Alguien no autorizado intenta acceder al menu empleado
25-02-2026 09:31:06 El cliente accede a la app
25-02-2026 09:31:12 El empleado valida el dni
25-02-2026 09:31:14 El empleado accede al menu empleado
25-02-2026 09:31:22 El cliente accede a la app
